
> bite-balance@0.1.0 build
> react-scripts build

node.exe : (node:8276) [DEP0176] 
DeprecationWarning: fs.F_OK is deprecated, use 
fs.constants.F_OK instead
At line:1 char:1
+ & "C:\Program Files\nodejs/node.exe" 
"C:\Users\T L S\AppData\Roaming\ ...
+ ~~~~~~~~~~~~~~~~~~~~~~~~~~~~~~~~~~~~~~~~~~~~~
~~~~~~~~~~~~~~~~~~~~~~~~
    + CategoryInfo          : NotSpecified: (( 
   node:8276) [DE...ts.F_OK instead:String) [  
  ], RemoteException
    + FullyQualifiedErrorId : NativeCommandErr 
   or
 
(Use `node --trace-deprecation ...` to show 
where the warning was created)
Creating an optimized production build...
Compiled with warnings.

[eslint] 
src\App.js
  Line 1:27:  'useEffect' is defined but never used  no-unused-vars

src\components\ThreeBackground.jsx
  Line 75:26:  The ref value 'mountRef.current' will likely have changed by the time this effect cleanup function runs. If this ref points to a node rendered by React, copy 'mountRef.current' to a variable inside the effect, and use that variable in the cleanup function  react-hooks/exhaustive-deps

src\pages\AdminDashboard.jsx
  Line 4:35:   'Plus' is defined but never used              no-unused-vars
  Line 10:12:  'loading' is assigned a value but never used  no-unused-vars

src\pages\FoodSearch.jsx
  Line 4:24:  'Filter' is defined but never used  no-unused-vars

src\pages\Register.jsx
  Line 16:12:  'error' is assigned a value but never used  no-unused-vars

Search for the keywords to learn more about each warning.
To ignore, add // eslint-disable-next-line to the line before.

File sizes after gzip:

  381.03 kB  build\static\js\main.e45a1d8a.js
  46.96 kB   build\static\css\main.26235b75.css

The project was built assuming it is hosted at /.
You can control this with the homepage field in your package.json.

The build folder is ready to be deployed.
You may serve it with a static server:

  npm install -g serve
  serve -s build

Find out more about deployment here:

  https://cra.link/deployment

