
> bite-balance@0.1.0 build
> react-scripts build

(node:16256) [DEP0176] DeprecationWarning: fs.F_OK is deprecated, use fs.constants.F_OK instead
(Use `node --trace-deprecation ...` to show where the warning was created)
Creating an optimized production build...
Failed to compile.

[eslint] 
src\components\Navbar.jsx
  Line 139:62:  'ShieldCheck' is not defined  react/jsx-no-undef

Search for the keywords to learn more about each error.


